{
    "children": [
        {
            "name": "file",
            "info": {
                "children": [
                ],
                "virtual-size": 11380523008,
                "filename": "<repo>/images/hurd-working.qcow2",
                "format": "file",
                "actual-size": 11389657088,
                "format-specific": {
                    "type": "file",
                    "data": {
                    }
                },
                "dirty-flag": false
            }
        }
    ],
    "snapshots": [
        {
            "icount": 0,
            "vm-clock-nsec": 0,
            "name": "pre-fullupgrade-20260716",
            "date-sec": 1784249326,
            "date-nsec": 483578000,
            "vm-clock-sec": 0,
            "id": "1",
            "vm-state-size": 0
        },
        {
            "icount": 0,
            "vm-clock-nsec": 0,
            "name": "pre-fullupgrade-20260724",
            "date-sec": 1784954370,
            "date-nsec": 471639000,
            "vm-clock-sec": 0,
            "id": "2",
            "vm-state-size": 0
        },
        {
            "icount": 0,
            "vm-clock-nsec": 0,
            "name": "post-fsck-clean-20260724",
            "date-sec": 1784955247,
            "date-nsec": 644254000,
            "vm-clock-sec": 0,
            "id": "3",
            "vm-state-size": 0
        },
        {
            "icount": 0,
            "vm-clock-nsec": 0,
            "name": "post-upgrade-20260724",
            "date-sec": 1784956986,
            "date-nsec": 381936000,
            "vm-clock-sec": 0,
            "id": "4",
            "vm-state-size": 0
        }
    ],
    "virtual-size": 17179869184,
    "filename": "<repo>/images/hurd-working.qcow2",
    "cluster-size": 65536,
    "format": "qcow2",
    "actual-size": 11389657088,
    "format-specific": {
        "type": "qcow2",
        "data": {
            "compat": "1.1",
            "compression-type": "zlib",
            "lazy-refcounts": false,
            "refcount-bits": 16,
            "corrupt": false,
            "extended-l2": false
        }
    },
    "dirty-flag": false
}
